<testsuites id="" name="" tests="35" failures="12" skipped="0" errors="0" time="215.10302099999998">
<testsuite name="dashboard.spec.js" timestamp="2025-09-18T12:34:18.526Z" hostname="chromium" tests="7" failures="2" skipped="0" time="43.109" errors="0">
<testcase name="CRM Dashboard › should display dashboard with correct title and stats" classname="dashboard.spec.js" time="13.993">
<failure message="dashboard.spec.js:13:7 should display dashboard with correct title and stats" type="FAILURE">
<![CDATA[  [chromium] › dashboard.spec.js:13:7 › CRM Dashboard › should display dashboard with correct title and stats 

    Error: expect(page).toHaveTitle(expected) failed

    Expected pattern: /CRM/
    Received string:  "React Hello World"
    Timeout: 5000ms

    Call log:
      - Expect "toHaveTitle" with timeout 5000ms
        9 × unexpected value "React Hello World"


      13 |   test('should display dashboard with correct title and stats', async ({ page }) => {
      14 |     // Check page title
    > 15 |     await expect(page).toHaveTitle(/CRM/);
         |                        ^
      16 |     
      17 |     // Check main heading
      18 |     await expect(page.getByRole('heading', { name: 'CRM Dashboard' })).toBeVisible();
        at /Users/corphd/Desktop/Or codes projects/my-node-project/tests/e2e/dashboard.spec.js:15:24

    attachment #1: screenshot (image/png) ──────────────────────────────────────────────────────────
    ../../test-results/dashboard-CRM-Dashboard-sh-e1f55-ith-correct-title-and-stats-chromium/test-failed-1.png
    ────────────────────────────────────────────────────────────────────────────────────────────────

    attachment #2: video (video/webm) ──────────────────────────────────────────────────────────────
    ../../test-results/dashboard-CRM-Dashboard-sh-e1f55-ith-correct-title-and-stats-chromium/video.webm
    ────────────────────────────────────────────────────────────────────────────────────────────────

    Error Context: ../../test-results/dashboard-CRM-Dashboard-sh-e1f55-ith-correct-title-and-stats-chromium/error-context.md
]]>
</failure>
<system-out>
<![CDATA[
[[ATTACHMENT|dashboard-CRM-Dashboard-sh-e1f55-ith-correct-title-and-stats-chromium/test-failed-1.png]]

[[ATTACHMENT|dashboard-CRM-Dashboard-sh-e1f55-ith-correct-title-and-stats-chromium/video.webm]]

[[ATTACHMENT|dashboard-CRM-Dashboard-sh-e1f55-ith-correct-title-and-stats-chromium/error-context.md]]
]]>
</system-out>
</testcase>
<testcase name="CRM Dashboard › should display conversion rate and pipeline health" classname="dashboard.spec.js" time="9.383">
<failure message="dashboard.spec.js:30:7 should display conversion rate and pipeline health" type="FAILURE">
<![CDATA[  [chromium] › dashboard.spec.js:30:7 › CRM Dashboard › should display conversion rate and pipeline health 

    Error: expect.toBeVisible: Error: strict mode violation: getByText('Active') resolved to 2 elements:
        1) <p class="stat-card__title">Active Deals</p> aka getByText('Active Deals')
        2) <span class="pipeline-stage">Active</span> aka getByText('Active', { exact: true })

    Call log:
      - Expect "toBeVisible" with timeout 5000ms
      - waiting for getByText('Active')


      37 |     // Check pipeline stages
      38 |     await expect(page.getByText('Prospecting')).toBeVisible();
    > 39 |     await expect(page.getByText('Active')).toBeVisible();
         |                                            ^
      40 |     await expect(page.getByText('Won')).toBeVisible();
      41 |   });
      42 |
        at /Users/corphd/Desktop/Or codes projects/my-node-project/tests/e2e/dashboard.spec.js:39:44

    attachment #1: screenshot (image/png) ──────────────────────────────────────────────────────────
    ../../test-results/dashboard-CRM-Dashboard-sh-9907c-on-rate-and-pipeline-health-chromium/test-failed-1.png
    ────────────────────────────────────────────────────────────────────────────────────────────────

    attachment #2: video (video/webm) ──────────────────────────────────────────────────────────────
    ../../test-results/dashboard-CRM-Dashboard-sh-9907c-on-rate-and-pipeline-health-chromium/video.webm
    ────────────────────────────────────────────────────────────────────────────────────────────────

    Error Context: ../../test-results/dashboard-CRM-Dashboard-sh-9907c-on-rate-and-pipeline-health-chromium/error-context.md
]]>
</failure>
<system-out>
<![CDATA[
[[ATTACHMENT|dashboard-CRM-Dashboard-sh-9907c-on-rate-and-pipeline-health-chromium/test-failed-1.png]]

[[ATTACHMENT|dashboard-CRM-Dashboard-sh-9907c-on-rate-and-pipeline-health-chromium/video.webm]]

[[ATTACHMENT|dashboard-CRM-Dashboard-sh-9907c-on-rate-and-pipeline-health-chromium/error-context.md]]
]]>
</system-out>
</testcase>
<testcase name="CRM Dashboard › should display quick actions" classname="dashboard.spec.js" time="3.221">
</testcase>
<testcase name="CRM Dashboard › should have proper accessibility features" classname="dashboard.spec.js" time="4.8">
</testcase>
<testcase name="CRM Dashboard › should meet performance requirements" classname="dashboard.spec.js" time="2.561">
</testcase>
<testcase name="CRM Dashboard › should be responsive on mobile devices" classname="dashboard.spec.js" time="4.918">
</testcase>
<testcase name="CRM Dashboard › should handle navigation correctly" classname="dashboard.spec.js" time="4.233">
</testcase>
</testsuite>
<testsuite name="dashboard.spec.js" timestamp="2025-09-18T12:34:18.526Z" hostname="firefox" tests="7" failures="2" skipped="0" time="52.53" errors="0">
<testcase name="CRM Dashboard › should display dashboard with correct title and stats" classname="dashboard.spec.js" time="13.143">
<failure message="dashboard.spec.js:13:7 should display dashboard with correct title and stats" type="FAILURE">
<![CDATA[  [firefox] › dashboard.spec.js:13:7 › CRM Dashboard › should display dashboard with correct title and stats 

    Error: expect(page).toHaveTitle(expected) failed

    Expected pattern: /CRM/
    Received string:  "React Hello World"
    Timeout: 5000ms

    Call log:
      - Expect "toHaveTitle" with timeout 5000ms
        8 × unexpected value "React Hello World"


      13 |   test('should display dashboard with correct title and stats', async ({ page }) => {
      14 |     // Check page title
    > 15 |     await expect(page).toHaveTitle(/CRM/);
         |                        ^
      16 |     
      17 |     // Check main heading
      18 |     await expect(page.getByRole('heading', { name: 'CRM Dashboard' })).toBeVisible();
        at /Users/corphd/Desktop/Or codes projects/my-node-project/tests/e2e/dashboard.spec.js:15:24

    attachment #1: screenshot (image/png) ──────────────────────────────────────────────────────────
    ../../test-results/dashboard-CRM-Dashboard-sh-e1f55-ith-correct-title-and-stats-firefox/test-failed-1.png
    ────────────────────────────────────────────────────────────────────────────────────────────────

    attachment #2: video (video/webm) ──────────────────────────────────────────────────────────────
    ../../test-results/dashboard-CRM-Dashboard-sh-e1f55-ith-correct-title-and-stats-firefox/video.webm
    ────────────────────────────────────────────────────────────────────────────────────────────────

    Error Context: ../../test-results/dashboard-CRM-Dashboard-sh-e1f55-ith-correct-title-and-stats-firefox/error-context.md
]]>
</failure>
<system-out>
<![CDATA[
[[ATTACHMENT|dashboard-CRM-Dashboard-sh-e1f55-ith-correct-title-and-stats-firefox/test-failed-1.png]]

[[ATTACHMENT|dashboard-CRM-Dashboard-sh-e1f55-ith-correct-title-and-stats-firefox/video.webm]]

[[ATTACHMENT|dashboard-CRM-Dashboard-sh-e1f55-ith-correct-title-and-stats-firefox/error-context.md]]
]]>
</system-out>
</testcase>
<testcase name="CRM Dashboard › should display conversion rate and pipeline health" classname="dashboard.spec.js" time="9.32">
<failure message="dashboard.spec.js:30:7 should display conversion rate and pipeline health" type="FAILURE">
<![CDATA[  [firefox] › dashboard.spec.js:30:7 › CRM Dashboard › should display conversion rate and pipeline health 

    Error: expect.toBeVisible: Error: strict mode violation: getByText('Active') resolved to 2 elements:
        1) <p class="stat-card__title">Active Deals</p> aka getByText('Active Deals')
        2) <span class="pipeline-stage">Active</span> aka getByText('Active', { exact: true })

    Call log:
      - Expect "toBeVisible" with timeout 5000ms
      - waiting for getByText('Active')


      37 |     // Check pipeline stages
      38 |     await expect(page.getByText('Prospecting')).toBeVisible();
    > 39 |     await expect(page.getByText('Active')).toBeVisible();
         |                                            ^
      40 |     await expect(page.getByText('Won')).toBeVisible();
      41 |   });
      42 |
        at /Users/corphd/Desktop/Or codes projects/my-node-project/tests/e2e/dashboard.spec.js:39:44

    attachment #1: screenshot (image/png) ──────────────────────────────────────────────────────────
    ../../test-results/dashboard-CRM-Dashboard-sh-9907c-on-rate-and-pipeline-health-firefox/test-failed-1.png
    ────────────────────────────────────────────────────────────────────────────────────────────────

    attachment #2: video (video/webm) ──────────────────────────────────────────────────────────────
    ../../test-results/dashboard-CRM-Dashboard-sh-9907c-on-rate-and-pipeline-health-firefox/video.webm
    ────────────────────────────────────────────────────────────────────────────────────────────────

    Error Context: ../../test-results/dashboard-CRM-Dashboard-sh-9907c-on-rate-and-pipeline-health-firefox/error-context.md
]]>
</failure>
<system-out>
<![CDATA[
[[ATTACHMENT|dashboard-CRM-Dashboard-sh-9907c-on-rate-and-pipeline-health-firefox/test-failed-1.png]]

[[ATTACHMENT|dashboard-CRM-Dashboard-sh-9907c-on-rate-and-pipeline-health-firefox/video.webm]]

[[ATTACHMENT|dashboard-CRM-Dashboard-sh-9907c-on-rate-and-pipeline-health-firefox/error-context.md]]
]]>
</system-out>
</testcase>
<testcase name="CRM Dashboard › should display quick actions" classname="dashboard.spec.js" time="7.44">
</testcase>
<testcase name="CRM Dashboard › should have proper accessibility features" classname="dashboard.spec.js" time="8.719">
</testcase>
<testcase name="CRM Dashboard › should meet performance requirements" classname="dashboard.spec.js" time="4.212">
</testcase>
<testcase name="CRM Dashboard › should be responsive on mobile devices" classname="dashboard.spec.js" time="4.229">
</testcase>
<testcase name="CRM Dashboard › should handle navigation correctly" classname="dashboard.spec.js" time="5.467">
</testcase>
</testsuite>
<testsuite name="dashboard.spec.js" timestamp="2025-09-18T12:34:18.526Z" hostname="webkit" tests="7" failures="2" skipped="0" time="62.136" errors="0">
<testcase name="CRM Dashboard › should display dashboard with correct title and stats" classname="dashboard.spec.js" time="19.139">
<failure message="dashboard.spec.js:13:7 should display dashboard with correct title and stats" type="FAILURE">
<![CDATA[  [webkit] › dashboard.spec.js:13:7 › CRM Dashboard › should display dashboard with correct title and stats 

    Error: expect(page).toHaveTitle(expected) failed

    Expected pattern: /CRM/
    Received string:  "React Hello World"
    Timeout: 5000ms

    Call log:
      - Expect "toHaveTitle" with timeout 5000ms
        8 × unexpected value "React Hello World"


      13 |   test('should display dashboard with correct title and stats', async ({ page }) => {
      14 |     // Check page title
    > 15 |     await expect(page).toHaveTitle(/CRM/);
         |                        ^
      16 |     
      17 |     // Check main heading
      18 |     await expect(page.getByRole('heading', { name: 'CRM Dashboard' })).toBeVisible();
        at /Users/corphd/Desktop/Or codes projects/my-node-project/tests/e2e/dashboard.spec.js:15:24

    attachment #1: screenshot (image/png) ──────────────────────────────────────────────────────────
    ../../test-results/dashboard-CRM-Dashboard-sh-e1f55-ith-correct-title-and-stats-webkit/test-failed-1.png
    ────────────────────────────────────────────────────────────────────────────────────────────────

    attachment #2: video (video/webm) ──────────────────────────────────────────────────────────────
    ../../test-results/dashboard-CRM-Dashboard-sh-e1f55-ith-correct-title-and-stats-webkit/video.webm
    ────────────────────────────────────────────────────────────────────────────────────────────────

    Error Context: ../../test-results/dashboard-CRM-Dashboard-sh-e1f55-ith-correct-title-and-stats-webkit/error-context.md
]]>
</failure>
<system-out>
<![CDATA[
[[ATTACHMENT|dashboard-CRM-Dashboard-sh-e1f55-ith-correct-title-and-stats-webkit/test-failed-1.png]]

[[ATTACHMENT|dashboard-CRM-Dashboard-sh-e1f55-ith-correct-title-and-stats-webkit/video.webm]]

[[ATTACHMENT|dashboard-CRM-Dashboard-sh-e1f55-ith-correct-title-and-stats-webkit/error-context.md]]
]]>
</system-out>
</testcase>
<testcase name="CRM Dashboard › should display conversion rate and pipeline health" classname="dashboard.spec.js" time="12.278">
<failure message="dashboard.spec.js:30:7 should display conversion rate and pipeline health" type="FAILURE">
<![CDATA[  [webkit] › dashboard.spec.js:30:7 › CRM Dashboard › should display conversion rate and pipeline health 

    Error: expect.toBeVisible: Error: strict mode violation: getByText('Active') resolved to 2 elements:
        1) <p class="stat-card__title">Active Deals</p> aka getByText('Active Deals')
        2) <span class="pipeline-stage">Active</span> aka getByText('Active', { exact: true })

    Call log:
      - Expect "toBeVisible" with timeout 5000ms
      - waiting for getByText('Active')


      37 |     // Check pipeline stages
      38 |     await expect(page.getByText('Prospecting')).toBeVisible();
    > 39 |     await expect(page.getByText('Active')).toBeVisible();
         |                                            ^
      40 |     await expect(page.getByText('Won')).toBeVisible();
      41 |   });
      42 |
        at /Users/corphd/Desktop/Or codes projects/my-node-project/tests/e2e/dashboard.spec.js:39:44

    attachment #1: screenshot (image/png) ──────────────────────────────────────────────────────────
    ../../test-results/dashboard-CRM-Dashboard-sh-9907c-on-rate-and-pipeline-health-webkit/test-failed-1.png
    ────────────────────────────────────────────────────────────────────────────────────────────────

    attachment #2: video (video/webm) ──────────────────────────────────────────────────────────────
    ../../test-results/dashboard-CRM-Dashboard-sh-9907c-on-rate-and-pipeline-health-webkit/video.webm
    ────────────────────────────────────────────────────────────────────────────────────────────────

    Error Context: ../../test-results/dashboard-CRM-Dashboard-sh-9907c-on-rate-and-pipeline-health-webkit/error-context.md
]]>
</failure>
<system-out>
<![CDATA[
[[ATTACHMENT|dashboard-CRM-Dashboard-sh-9907c-on-rate-and-pipeline-health-webkit/test-failed-1.png]]

[[ATTACHMENT|dashboard-CRM-Dashboard-sh-9907c-on-rate-and-pipeline-health-webkit/video.webm]]

[[ATTACHMENT|dashboard-CRM-Dashboard-sh-9907c-on-rate-and-pipeline-health-webkit/error-context.md]]
]]>
</system-out>
</testcase>
<testcase name="CRM Dashboard › should display quick actions" classname="dashboard.spec.js" time="4.626">
</testcase>
<testcase name="CRM Dashboard › should have proper accessibility features" classname="dashboard.spec.js" time="6.979">
</testcase>
<testcase name="CRM Dashboard › should meet performance requirements" classname="dashboard.spec.js" time="5.346">
</testcase>
<testcase name="CRM Dashboard › should be responsive on mobile devices" classname="dashboard.spec.js" time="6.171">
</testcase>
<testcase name="CRM Dashboard › should handle navigation correctly" classname="dashboard.spec.js" time="7.597">
</testcase>
</testsuite>
<testsuite name="dashboard.spec.js" timestamp="2025-09-18T12:34:18.526Z" hostname="Mobile Chrome" tests="7" failures="3" skipped="0" time="68.031" errors="0">
<testcase name="CRM Dashboard › should display dashboard with correct title and stats" classname="dashboard.spec.js" time="12.088">
<failure message="dashboard.spec.js:13:7 should display dashboard with correct title and stats" type="FAILURE">
<![CDATA[  [Mobile Chrome] › dashboard.spec.js:13:7 › CRM Dashboard › should display dashboard with correct title and stats 

    Error: expect(page).toHaveTitle(expected) failed

    Expected pattern: /CRM/
    Received string:  "React Hello World"
    Timeout: 5000ms

    Call log:
      - Expect "toHaveTitle" with timeout 5000ms
        9 × unexpected value "React Hello World"


      13 |   test('should display dashboard with correct title and stats', async ({ page }) => {
      14 |     // Check page title
    > 15 |     await expect(page).toHaveTitle(/CRM/);
         |                        ^
      16 |     
      17 |     // Check main heading
      18 |     await expect(page.getByRole('heading', { name: 'CRM Dashboard' })).toBeVisible();
        at /Users/corphd/Desktop/Or codes projects/my-node-project/tests/e2e/dashboard.spec.js:15:24

    attachment #1: screenshot (image/png) ──────────────────────────────────────────────────────────
    ../../test-results/dashboard-CRM-Dashboard-sh-e1f55-ith-correct-title-and-stats-Mobile-Chrome/test-failed-1.png
    ────────────────────────────────────────────────────────────────────────────────────────────────

    attachment #2: video (video/webm) ──────────────────────────────────────────────────────────────
    ../../test-results/dashboard-CRM-Dashboard-sh-e1f55-ith-correct-title-and-stats-Mobile-Chrome/video.webm
    ────────────────────────────────────────────────────────────────────────────────────────────────

    Error Context: ../../test-results/dashboard-CRM-Dashboard-sh-e1f55-ith-correct-title-and-stats-Mobile-Chrome/error-context.md
]]>
</failure>
<system-out>
<![CDATA[
[[ATTACHMENT|dashboard-CRM-Dashboard-sh-e1f55-ith-correct-title-and-stats-Mobile-Chrome/test-failed-1.png]]

[[ATTACHMENT|dashboard-CRM-Dashboard-sh-e1f55-ith-correct-title-and-stats-Mobile-Chrome/video.webm]]

[[ATTACHMENT|dashboard-CRM-Dashboard-sh-e1f55-ith-correct-title-and-stats-Mobile-Chrome/error-context.md]]
]]>
</system-out>
</testcase>
<testcase name="CRM Dashboard › should display conversion rate and pipeline health" classname="dashboard.spec.js" time="4.652">
<failure message="dashboard.spec.js:30:7 should display conversion rate and pipeline health" type="FAILURE">
<![CDATA[  [Mobile Chrome] › dashboard.spec.js:30:7 › CRM Dashboard › should display conversion rate and pipeline health 

    Error: expect.toBeVisible: Error: strict mode violation: getByText('Active') resolved to 2 elements:
        1) <p class="stat-card__title">Active Deals</p> aka getByText('Active Deals')
        2) <span class="pipeline-stage">Active</span> aka getByText('Active', { exact: true })

    Call log:
      - Expect "toBeVisible" with timeout 5000ms
      - waiting for getByText('Active')


      37 |     // Check pipeline stages
      38 |     await expect(page.getByText('Prospecting')).toBeVisible();
    > 39 |     await expect(page.getByText('Active')).toBeVisible();
         |                                            ^
      40 |     await expect(page.getByText('Won')).toBeVisible();
      41 |   });
      42 |
        at /Users/corphd/Desktop/Or codes projects/my-node-project/tests/e2e/dashboard.spec.js:39:44

    attachment #1: screenshot (image/png) ──────────────────────────────────────────────────────────
    ../../test-results/dashboard-CRM-Dashboard-sh-9907c-on-rate-and-pipeline-health-Mobile-Chrome/test-failed-1.png
    ────────────────────────────────────────────────────────────────────────────────────────────────

    attachment #2: video (video/webm) ──────────────────────────────────────────────────────────────
    ../../test-results/dashboard-CRM-Dashboard-sh-9907c-on-rate-and-pipeline-health-Mobile-Chrome/video.webm
    ────────────────────────────────────────────────────────────────────────────────────────────────

    Error Context: ../../test-results/dashboard-CRM-Dashboard-sh-9907c-on-rate-and-pipeline-health-Mobile-Chrome/error-context.md
]]>
</failure>
<system-out>
<![CDATA[
[[ATTACHMENT|dashboard-CRM-Dashboard-sh-9907c-on-rate-and-pipeline-health-Mobile-Chrome/test-failed-1.png]]

[[ATTACHMENT|dashboard-CRM-Dashboard-sh-9907c-on-rate-and-pipeline-health-Mobile-Chrome/video.webm]]

[[ATTACHMENT|dashboard-CRM-Dashboard-sh-9907c-on-rate-and-pipeline-health-Mobile-Chrome/error-context.md]]
]]>
</system-out>
</testcase>
<testcase name="CRM Dashboard › should display quick actions" classname="dashboard.spec.js" time="5.879">
</testcase>
<testcase name="CRM Dashboard › should have proper accessibility features" classname="dashboard.spec.js" time="4.408">
</testcase>
<testcase name="CRM Dashboard › should meet performance requirements" classname="dashboard.spec.js" time="3.34">
</testcase>
<testcase name="CRM Dashboard › should be responsive on mobile devices" classname="dashboard.spec.js" time="3.936">
</testcase>
<testcase name="CRM Dashboard › should handle navigation correctly" classname="dashboard.spec.js" time="33.728">
<failure message="dashboard.spec.js:84:7 should handle navigation correctly" type="FAILURE">
<![CDATA[  [Mobile Chrome] › dashboard.spec.js:84:7 › CRM Dashboard › should handle navigation correctly ────

    Test timeout of 30000ms exceeded.

    Error: page.click: Test timeout of 30000ms exceeded.
    Call log:
      - waiting for locator('a[href="/customers"]')
        - locator resolved to <a href="/customers" data-discover="true" class="header__nav-link ">Customers</a>
      - attempting click action
        2 × waiting for element to be visible, enabled and stable
          - element is not visible
        - retrying click action
        - waiting 20ms
        2 × waiting for element to be visible, enabled and stable
          - element is not visible
        - retrying click action
          - waiting 100ms
        53 × waiting for element to be visible, enabled and stable
           - element is not visible
         - retrying click action
           - waiting 500ms


      84 |   test('should handle navigation correctly', async ({ page }) => {
      85 |     // Test navigation to customers page
    > 86 |     await page.click('a[href="/customers"]');
         |                ^
      87 |     await pageHelpers.waitForPageLoad();
      88 |     
      89 |     // Should be on customers page
        at /Users/corphd/Desktop/Or codes projects/my-node-project/tests/e2e/dashboard.spec.js:86:16

    attachment #1: screenshot (image/png) ──────────────────────────────────────────────────────────
    ../../test-results/dashboard-CRM-Dashboard-should-handle-navigation-correctly-Mobile-Chrome/test-failed-1.png
    ────────────────────────────────────────────────────────────────────────────────────────────────

    attachment #2: video (video/webm) ──────────────────────────────────────────────────────────────
    ../../test-results/dashboard-CRM-Dashboard-should-handle-navigation-correctly-Mobile-Chrome/video.webm
    ────────────────────────────────────────────────────────────────────────────────────────────────

    Error Context: ../../test-results/dashboard-CRM-Dashboard-should-handle-navigation-correctly-Mobile-Chrome/error-context.md
]]>
</failure>
<system-out>
<![CDATA[
[[ATTACHMENT|dashboard-CRM-Dashboard-should-handle-navigation-correctly-Mobile-Chrome/test-failed-1.png]]

[[ATTACHMENT|dashboard-CRM-Dashboard-should-handle-navigation-correctly-Mobile-Chrome/video.webm]]

[[ATTACHMENT|dashboard-CRM-Dashboard-should-handle-navigation-correctly-Mobile-Chrome/error-context.md]]
]]>
</system-out>
</testcase>
</testsuite>
<testsuite name="dashboard.spec.js" timestamp="2025-09-18T12:34:18.526Z" hostname="Mobile Safari" tests="7" failures="3" skipped="0" time="50.717" errors="0">
<testcase name="CRM Dashboard › should display dashboard with correct title and stats" classname="dashboard.spec.js" time="7.441">
<failure message="dashboard.spec.js:13:7 should display dashboard with correct title and stats" type="FAILURE">
<![CDATA[  [Mobile Safari] › dashboard.spec.js:13:7 › CRM Dashboard › should display dashboard with correct title and stats 

    Error: expect(page).toHaveTitle(expected) failed

    Expected pattern: /CRM/
    Received string:  "React Hello World"
    Timeout: 5000ms

    Call log:
      - Expect "toHaveTitle" with timeout 5000ms
        9 × unexpected value "React Hello World"


      13 |   test('should display dashboard with correct title and stats', async ({ page }) => {
      14 |     // Check page title
    > 15 |     await expect(page).toHaveTitle(/CRM/);
         |                        ^
      16 |     
      17 |     // Check main heading
      18 |     await expect(page.getByRole('heading', { name: 'CRM Dashboard' })).toBeVisible();
        at /Users/corphd/Desktop/Or codes projects/my-node-project/tests/e2e/dashboard.spec.js:15:24

    attachment #1: screenshot (image/png) ──────────────────────────────────────────────────────────
    ../../test-results/dashboard-CRM-Dashboard-sh-e1f55-ith-correct-title-and-stats-Mobile-Safari/test-failed-1.png
    ────────────────────────────────────────────────────────────────────────────────────────────────

    attachment #2: video (video/webm) ──────────────────────────────────────────────────────────────
    ../../test-results/dashboard-CRM-Dashboard-sh-e1f55-ith-correct-title-and-stats-Mobile-Safari/video.webm
    ────────────────────────────────────────────────────────────────────────────────────────────────

    Error Context: ../../test-results/dashboard-CRM-Dashboard-sh-e1f55-ith-correct-title-and-stats-Mobile-Safari/error-context.md
]]>
</failure>
<system-out>
<![CDATA[
[[ATTACHMENT|dashboard-CRM-Dashboard-sh-e1f55-ith-correct-title-and-stats-Mobile-Safari/test-failed-1.png]]

[[ATTACHMENT|dashboard-CRM-Dashboard-sh-e1f55-ith-correct-title-and-stats-Mobile-Safari/video.webm]]

[[ATTACHMENT|dashboard-CRM-Dashboard-sh-e1f55-ith-correct-title-and-stats-Mobile-Safari/error-context.md]]
]]>
</system-out>
</testcase>
<testcase name="CRM Dashboard › should display conversion rate and pipeline health" classname="dashboard.spec.js" time="2.574">
<failure message="dashboard.spec.js:30:7 should display conversion rate and pipeline health" type="FAILURE">
<![CDATA[  [Mobile Safari] › dashboard.spec.js:30:7 › CRM Dashboard › should display conversion rate and pipeline health 

    Error: expect.toBeVisible: Error: strict mode violation: getByText('Active') resolved to 2 elements:
        1) <p class="stat-card__title">Active Deals</p> aka getByText('Active Deals')
        2) <span class="pipeline-stage">Active</span> aka getByText('Active', { exact: true })

    Call log:
      - Expect "toBeVisible" with timeout 5000ms
      - waiting for getByText('Active')


      37 |     // Check pipeline stages
      38 |     await expect(page.getByText('Prospecting')).toBeVisible();
    > 39 |     await expect(page.getByText('Active')).toBeVisible();
         |                                            ^
      40 |     await expect(page.getByText('Won')).toBeVisible();
      41 |   });
      42 |
        at /Users/corphd/Desktop/Or codes projects/my-node-project/tests/e2e/dashboard.spec.js:39:44

    attachment #1: screenshot (image/png) ──────────────────────────────────────────────────────────
    ../../test-results/dashboard-CRM-Dashboard-sh-9907c-on-rate-and-pipeline-health-Mobile-Safari/test-failed-1.png
    ────────────────────────────────────────────────────────────────────────────────────────────────

    attachment #2: video (video/webm) ──────────────────────────────────────────────────────────────
    ../../test-results/dashboard-CRM-Dashboard-sh-9907c-on-rate-and-pipeline-health-Mobile-Safari/video.webm
    ────────────────────────────────────────────────────────────────────────────────────────────────

    Error Context: ../../test-results/dashboard-CRM-Dashboard-sh-9907c-on-rate-and-pipeline-health-Mobile-Safari/error-context.md
]]>
</failure>
<system-out>
<![CDATA[
[[ATTACHMENT|dashboard-CRM-Dashboard-sh-9907c-on-rate-and-pipeline-health-Mobile-Safari/test-failed-1.png]]

[[ATTACHMENT|dashboard-CRM-Dashboard-sh-9907c-on-rate-and-pipeline-health-Mobile-Safari/video.webm]]

[[ATTACHMENT|dashboard-CRM-Dashboard-sh-9907c-on-rate-and-pipeline-health-Mobile-Safari/error-context.md]]
]]>
</system-out>
</testcase>
<testcase name="CRM Dashboard › should display quick actions" classname="dashboard.spec.js" time="2.942">
</testcase>
<testcase name="CRM Dashboard › should have proper accessibility features" classname="dashboard.spec.js" time="2.385">
</testcase>
<testcase name="CRM Dashboard › should meet performance requirements" classname="dashboard.spec.js" time="1.978">
</testcase>
<testcase name="CRM Dashboard › should be responsive on mobile devices" classname="dashboard.spec.js" time="3.182">
</testcase>
<testcase name="CRM Dashboard › should handle navigation correctly" classname="dashboard.spec.js" time="30.215">
<failure message="dashboard.spec.js:84:7 should handle navigation correctly" type="FAILURE">
<![CDATA[  [Mobile Safari] › dashboard.spec.js:84:7 › CRM Dashboard › should handle navigation correctly ────

    Test timeout of 30000ms exceeded.

    Error: page.click: Test timeout of 30000ms exceeded.
    Call log:
      - waiting for locator('a[href="/customers"]')
        - locator resolved to <a href="/customers" data-discover="true" class="header__nav-link ">Customers</a>
      - attempting click action
        2 × waiting for element to be visible, enabled and stable
          - element is not visible
        - retrying click action
        - waiting 20ms
        2 × waiting for element to be visible, enabled and stable
          - element is not visible
        - retrying click action
          - waiting 100ms
        50 × waiting for element to be visible, enabled and stable
           - element is not visible
         - retrying click action
           - waiting 500ms


      84 |   test('should handle navigation correctly', async ({ page }) => {
      85 |     // Test navigation to customers page
    > 86 |     await page.click('a[href="/customers"]');
         |                ^
      87 |     await pageHelpers.waitForPageLoad();
      88 |     
      89 |     // Should be on customers page
        at /Users/corphd/Desktop/Or codes projects/my-node-project/tests/e2e/dashboard.spec.js:86:16

    attachment #1: screenshot (image/png) ──────────────────────────────────────────────────────────
    ../../test-results/dashboard-CRM-Dashboard-should-handle-navigation-correctly-Mobile-Safari/test-failed-1.png
    ────────────────────────────────────────────────────────────────────────────────────────────────

    attachment #2: video (video/webm) ──────────────────────────────────────────────────────────────
    ../../test-results/dashboard-CRM-Dashboard-should-handle-navigation-correctly-Mobile-Safari/video.webm
    ────────────────────────────────────────────────────────────────────────────────────────────────

    Error Context: ../../test-results/dashboard-CRM-Dashboard-should-handle-navigation-correctly-Mobile-Safari/error-context.md
]]>
</failure>
<system-out>
<![CDATA[
[[ATTACHMENT|dashboard-CRM-Dashboard-should-handle-navigation-correctly-Mobile-Safari/test-failed-1.png]]

[[ATTACHMENT|dashboard-CRM-Dashboard-should-handle-navigation-correctly-Mobile-Safari/video.webm]]

[[ATTACHMENT|dashboard-CRM-Dashboard-should-handle-navigation-correctly-Mobile-Safari/error-context.md]]
]]>
</system-out>
</testcase>
</testsuite>
</testsuites>